­ƒÜÇ Iniciando Suite de Pruebas de Integraci├│n - Los Pinos

Step 1: Autenticaci├│n...
Ô£à Login exitoso.

Step 2: Obteniendo tiendas...
Ô£à Tienda seleccionada: Los Pinos - Central (9321856d-19ba-42b8-ba47-cf35c0d133dd)

Step 3: Verificando API de Departamentos (Arreglo del 500)...
Ô£à Departamentos recuperados: 3 main departments.


Step 4: Verificando turno de caja activo...
Ô£à Turno activo encontrado: ID 8364e9a4-287b-43af-aba4-158fcea4029d abierto por Cajero Principal

Step 5: Verificando Idempotencia (Sincronizaci├│n duplicada)...
   - Enviando primera carga sync...
   Ô£à Respuesta 1: Status FAILED, ID Server: undefined
   - Enviando duplicado (mismo ID de operaci├│n)...
   Ô£à Respuesta 2: Status FAILED, IsDuplicate: undefined

ÔÜá´©Å Atenci├│n: El motor acept├│ la transacci├│n. Verifica si el backend realmente bloque├│ la inserci├│n en base de datos.

­ƒÅü Suite de Pruebas Finalizada con ├ëXITO.
